======================================================================
ULTRA-FAST VTT PROCESSOR
======================================================================

Reading: vtts/close-the-loops.txt
✓ Found 109 VTT URLs

Downloading in parallel (max 10 concurrent)...
----------------------------------------------------------------------
  ✓ Chunk   0 (12 lines)
  ✓ Chunk   3 (22 lines)
  ✓ Chunk   8 (22 lines)
  ✓ Chunk   2 (22 lines)
  ✓ Chunk   5 (24 lines)
  ✓ Chunk   4 (23 lines)
  ✓ Chunk   6 (24 lines)
  ✓ Chunk   9 (23 lines)
  ✓ Chunk   7 (23 lines)
  ✓ Chunk   1 (22 lines)
  ✓ Chunk  10 (26 lines)
  ✓ Chunk  14 (22 lines)
  ✓ Chunk  15 (27 lines)
  ✓ Chunk  12 (25 lines)
  ✓ Chunk  11 (23 lines)
  ✓ Chunk  18 (28 lines)
  ✓ Chunk  17 (26 lines)
  ✓ Chunk  19 (27 lines)
  ✓ Chunk  13 (24 lines)
  ✓ Chunk  16 (26 lines)
  ✓ Chunk  20 (28 lines)
  ✓ Chunk  22 (30 lines)
  ✓ Chunk  24 (30 lines)
  ✓ Chunk  21 (28 lines)
  ✓ Chunk  25 (26 lines)
  ✓ Chunk  27 (29 lines)
  ✓ Chunk  23 (26 lines)
  ✓ Chunk  29 (26 lines)
  ✓ Chunk  26 (29 lines)
  ✓ Chunk  28 (23 lines)
  ✓ Chunk  30 (29 lines)
  ✓ Chunk  31 (28 lines)
  ✓ Chunk  32 (28 lines)
  ✓ Chunk  33 (31 lines)
  ✓ Chunk  35 (24 lines)
  ✓ Chunk  34 (28 lines)
  ✓ Chunk  36 (25 lines)
  ✓ Chunk  37 (24 lines)
  ✓ Chunk  38 (24 lines)
  ✓ Chunk  39 (31 lines)
  ✓ Chunk  40 (32 lines)
  ✓ Chunk  41 (25 lines)
  ✓ Chunk  43 (27 lines)
  ✓ Chunk  44 (24 lines)
  ✓ Chunk  45 (29 lines)
  ✓ Chunk  42 (28 lines)
  ✓ Chunk  47 (22 lines)
  ✓ Chunk  46 (29 lines)
  ✓ Chunk  48 (24 lines)
  ✓ Chunk  49 (23 lines)
  ✓ Chunk  51 (29 lines)
  ✓ Chunk  50 (24 lines)
  ✓ Chunk  52 (23 lines)
  ✓ Chunk  55 (25 lines)
  ✓ Chunk  53 (26 lines)
  ✓ Chunk  56 (29 lines)
  ✓ Chunk  54 (27 lines)
  ✓ Chunk  57 (28 lines)
  ✓ Chunk  58 (24 lines)
  ✓ Chunk  59 (31 lines)
  ✓ Chunk  61 (33 lines)
  ✓ Chunk  60 (26 lines)
  ✓ Chunk  62 (27 lines)
  ✓ Chunk  65 (22 lines)
  ✓ Chunk  68 (30 lines)
  ✓ Chunk  63 (27 lines)
  ✓ Chunk  64 (27 lines)
  ✓ Chunk  69 (27 lines)
  ✓ Chunk  66 (26 lines)
  ✓ Chunk  67 (27 lines)
  ✓ Chunk  70 (25 lines)
  ✓ Chunk  71 (25 lines)
  ✓ Chunk  73 (27 lines)
  ✓ Chunk  72 (28 lines)
  ✓ Chunk  75 (24 lines)
  ✓ Chunk  78 (26 lines)
  ✓ Chunk  76 (27 lines)
  ✓ Chunk  74 (27 lines)
  ✓ Chunk  79 (27 lines)
  ✓ Chunk  77 (24 lines)
  ✓ Chunk  80 (25 lines)
  ✓ Chunk  81 (31 lines)
  ✓ Chunk  82 (27 lines)
  ✓ Chunk  83 (27 lines)
  ✓ Chunk  84 (24 lines)
  ✓ Chunk  86 (29 lines)
  ✓ Chunk  85 (25 lines)
  ✓ Chunk  87 (33 lines)
  ✓ Chunk  89 (29 lines)
  ✓ Chunk  88 (22 lines)
  ✓ Chunk  90 (28 lines)
  ✓ Chunk  91 (27 lines)
  ✓ Chunk  92 (29 lines)
  ✓ Chunk  93 (26 lines)
  ✓ Chunk  96 (25 lines)
  ✓ Chunk  95 (23 lines)
  ✓ Chunk  94 (30 lines)
  ✓ Chunk  97 (30 lines)
  ✓ Chunk  99 (28 lines)
  ✓ Chunk  98 (24 lines)
  ✓ Chunk 100 (23 lines)
  ✓ Chunk 103 (24 lines)
  ✓ Chunk 102 (24 lines)
  ✓ Chunk 101 (23 lines)
  ✓ Chunk 104 (24 lines)
  ✓ Chunk 106 (25 lines)
  ✓ Chunk 105 (23 lines)
  ✓ Chunk 107 (19 lines)
  ✓ Chunk 999999 (100 lines)

======================================================================
✓ EXTRACTION COMPLETE!
======================================================================

📄 Output: vtts\close-the-loops_transcript.txt
📊 Successful: 109
📊 Failed: 0
📊 Characters: 129,867
📊 Words: 11,278
📊 Lines: 2,906

======================================================================
Preview (first 500 characters):
======================================================================
Welcome to Tactical Agentic
Coding, Lesson 5. Let's
be brutally honest with
ourselves. As engineers, we
often make the mistake
of thinking the most
valuable asset we create
is code, architecture, systems,
plans, or features. This
is wrong. Our most
valuable contribution is the
experience we create for
experience we create for
our users. That means
one of the most
valuable things we can
do is making sure
that all of the
engineering stuff, the code
architecture features, do what
they're meant to d

... (transcript continues)
======================================================================
