======================================================================
ULTRA-FAST VTT PROCESSOR
======================================================================

Reading: vtts/seven-levels-agentic-prompt-formats.txt
✓ Found 116 VTT URLs

Downloading in parallel (max 10 concurrent)...
----------------------------------------------------------------------
  ✓ Chunk   8 (26 lines)
  ✓ Chunk   9 (28 lines)
  ✓ Chunk   4 (22 lines)
  ✓ Chunk   0 (12 lines)
  ✓ Chunk   2 (20 lines)
  ✓ Chunk   1 (20 lines)
  ✓ Chunk  12 (31 lines)
  ✓ Chunk  11 (27 lines)
  ✓ Chunk  10 (31 lines)
  ✓ Chunk  13 (23 lines)
  ✓ Chunk  14 (25 lines)
  ✓ Chunk   7 (20 lines)
  ✓ Chunk  15 (29 lines)
  ✓ Chunk   6 (20 lines)
  ✓ Chunk   5 (21 lines)
  ✓ Chunk   3 (23 lines)
  ✓ Chunk  16 (28 lines)
  ✓ Chunk  17 (28 lines)
  ✓ Chunk  18 (25 lines)
  ✓ Chunk  19 (26 lines)
  ✓ Chunk  20 (27 lines)
  ✓ Chunk  21 (26 lines)
  ✓ Chunk  23 (25 lines)
  ✓ Chunk  22 (25 lines)
  ✓ Chunk  24 (26 lines)
  ✓ Chunk  25 (27 lines)
  ✓ Chunk  26 (29 lines)
  ✓ Chunk  28 (25 lines)
  ✓ Chunk  27 (28 lines)
  ✓ Chunk  29 (26 lines)
  ✓ Chunk  30 (23 lines)
  ✓ Chunk  31 (24 lines)
  ✓ Chunk  33 (29 lines)
  ✓ Chunk  32 (30 lines)
  ✓ Chunk  34 (26 lines)
  ✓ Chunk  35 (28 lines)
  ✓ Chunk  36 (26 lines)
  ✓ Chunk  37 (29 lines)
  ✓ Chunk  38 (29 lines)
  ✓ Chunk  39 (24 lines)
  ✓ Chunk  44 (27 lines)
  ✓ Chunk  41 (23 lines)
  ✓ Chunk  43 (27 lines)
  ✓ Chunk  40 (28 lines)
  ✓ Chunk  42 (24 lines)
  ✓ Chunk  45 (28 lines)
  ✓ Chunk  46 (24 lines)
  ✓ Chunk  48 (25 lines)
  ✓ Chunk  47 (27 lines)
  ✓ Chunk  53 (28 lines)
  ✓ Chunk  49 (25 lines)
  ✓ Chunk  50 (26 lines)
  ✓ Chunk  52 (21 lines)
  ✓ Chunk  51 (29 lines)
  ✓ Chunk  55 (26 lines)
  ✓ Chunk  54 (24 lines)
  ✓ Chunk  65 (24 lines)
  ✓ Chunk  56 (22 lines)
  ✓ Chunk  57 (32 lines)
  ✓ Chunk  58 (25 lines)
  ✓ Chunk  59 (21 lines)
  ✓ Chunk  61 (25 lines)
  ✓ Chunk  60 (26 lines)
  ✓ Chunk  62 (23 lines)
  ✓ Chunk  63 (28 lines)
  ✓ Chunk  64 (29 lines)
  ✓ Chunk  66 (27 lines)
  ✓ Chunk  68 (28 lines)
  ✓ Chunk  67 (23 lines)
  ✓ Chunk  69 (23 lines)
  ✓ Chunk  70 (24 lines)
  ✓ Chunk  72 (23 lines)
  ✓ Chunk  71 (28 lines)
  ✓ Chunk  75 (24 lines)
  ✓ Chunk  74 (28 lines)
  ✓ Chunk  73 (23 lines)
  ✓ Chunk  76 (26 lines)
  ✓ Chunk  79 (26 lines)
  ✓ Chunk  78 (25 lines)
  ✓ Chunk  77 (24 lines)
  ✓ Chunk  80 (23 lines)
  ✓ Chunk  81 (27 lines)
  ✓ Chunk  82 (27 lines)
  ✓ Chunk  84 (22 lines)
  ✓ Chunk  83 (28 lines)
  ✓ Chunk  85 (23 lines)
  ✓ Chunk  86 (23 lines)
  ✓ Chunk  87 (24 lines)
  ✓ Chunk  88 (29 lines)
  ✓ Chunk  89 (26 lines)
  ✓ Chunk  90 (22 lines)
  ✓ Chunk  91 (24 lines)
  ✓ Chunk  93 (23 lines)
  ✓ Chunk  95 (24 lines)
  ✓ Chunk  92 (24 lines)
  ✓ Chunk  94 (25 lines)
  ✓ Chunk  97 (25 lines)
  ✓ Chunk  99 (26 lines)
  ✓ Chunk  98 (28 lines)
  ✓ Chunk  96 (27 lines)
  ✓ Chunk 100 (26 lines)
  ✓ Chunk 102 (26 lines)
  ✓ Chunk 103 (22 lines)
  ✓ Chunk 104 (25 lines)
  ✓ Chunk 101 (24 lines)
  ✓ Chunk 105 (22 lines)
  ✓ Chunk 106 (25 lines)
  ✓ Chunk 107 (22 lines)
  ✓ Chunk 108 (23 lines)
  ✓ Chunk 109 (24 lines)
  ✓ Chunk 113 (25 lines)
  ✓ Chunk 112 (21 lines)
  ✓ Chunk 110 (20 lines)
  ✓ Chunk 111 (24 lines)
  ✓ Chunk 114 (19 lines)
  ✓ Chunk 999999 (100 lines)

======================================================================
✓ EXTRACTION COMPLETE!
======================================================================

📄 Output: vtts\seven-levels-agentic-prompt-formats_transcript.txt
📊 Successful: 116
📊 Failed: 0
📊 Characters: 133,557
📊 Words: 11,613
📊 Lines: 2,984

======================================================================
Preview (first 500 characters):
======================================================================
The prompt is now
the fundamental unit of
engineering. And with agents,
every prompt you create
becomes a force multiplier.
One well-crafted prompt can
generate tens and hundreds
of hours of productive
work. One bad prompt
compounds failure at the
same rate. So how
do you consistently create
do you consistently create
prompts that deliver two,
five, 10, 100X returns
on your time investment?
The answer starts with
a senior engineering mindset
shift. You have to
ask yourself, who am
I creating the

... (transcript continues)
======================================================================
