======================================================================
ULTRA-FAST VTT PROCESSOR
======================================================================

Reading: vtts/success-is-planned.txt
✓ Found 95 VTT URLs

Downloading in parallel (max 10 concurrent)...
----------------------------------------------------------------------
  ✓ Chunk   2 (20 lines)
  ✓ Chunk   4 (21 lines)
  ✓ Chunk   7 (20 lines)
  ✓ Chunk   1 (18 lines)
  ✓ Chunk   5 (19 lines)
  ✓ Chunk   6 (20 lines)
  ✓ Chunk   3 (19 lines)
  ✓ Chunk   0 (10 lines)
  ✓ Chunk   9 (19 lines)
  ✓ Chunk   8 (22 lines)
  ✓ Chunk  11 (24 lines)
  ✓ Chunk  10 (22 lines)
  ✓ Chunk  13 (24 lines)
  ✓ Chunk  19 (25 lines)
  ✓ Chunk  16 (24 lines)
  ✓ Chunk  12 (28 lines)
  ✓ Chunk  14 (24 lines)
  ✓ Chunk  17 (26 lines)
  ✓ Chunk  18 (26 lines)
  ✓ Chunk  15 (20 lines)
  ✓ Chunk  21 (25 lines)
  ✓ Chunk  20 (23 lines)
  ✓ Chunk  22 (24 lines)
  ✓ Chunk  29 (27 lines)
  ✓ Chunk  28 (24 lines)
  ✓ Chunk  27 (27 lines)
  ✓ Chunk  26 (24 lines)
  ✓ Chunk  24 (25 lines)
  ✓ Chunk  25 (28 lines)
  ✓ Chunk  23 (25 lines)
  ✓ Chunk  30 (25 lines)
  ✓ Chunk  36 (24 lines)
  ✓ Chunk  33 (25 lines)
  ✓ Chunk  35 (26 lines)
  ✓ Chunk  32 (27 lines)
  ✓ Chunk  31 (27 lines)
  ✓ Chunk  38 (23 lines)
  ✓ Chunk  39 (24 lines)
  ✓ Chunk  37 (28 lines)
  ✓ Chunk  34 (24 lines)
  ✓ Chunk  40 (27 lines)
  ✓ Chunk  44 (27 lines)
  ✓ Chunk  43 (27 lines)
  ✓ Chunk  49 (28 lines)
  ✓ Chunk  45 (29 lines)
  ✓ Chunk  48 (20 lines)
  ✓ Chunk  46 (24 lines)
  ✓ Chunk  42 (27 lines)
  ✓ Chunk  41 (25 lines)
  ✓ Chunk  47 (23 lines)
  ✓ Chunk  50 (26 lines)
  ✓ Chunk  51 (20 lines)
  ✓ Chunk  53 (24 lines)
  ✓ Chunk  54 (24 lines)
  ✓ Chunk  52 (22 lines)
  ✓ Chunk  55 (23 lines)
  ✓ Chunk  58 (24 lines)
  ✓ Chunk  57 (22 lines)
  ✓ Chunk  59 (26 lines)
  ✓ Chunk  56 (27 lines)
  ✓ Chunk  61 (23 lines)
  ✓ Chunk  60 (28 lines)
  ✓ Chunk  64 (32 lines)
  ✓ Chunk  62 (23 lines)
  ✓ Chunk  65 (28 lines)
  ✓ Chunk  63 (30 lines)
  ✓ Chunk  66 (25 lines)
  ✓ Chunk  67 (24 lines)
  ✓ Chunk  68 (28 lines)
  ✓ Chunk  69 (30 lines)
  ✓ Chunk  72 (29 lines)
  ✓ Chunk  70 (27 lines)
  ✓ Chunk  73 (27 lines)
  ✓ Chunk  74 (26 lines)
  ✓ Chunk  71 (23 lines)
  ✓ Chunk  75 (28 lines)
  ✓ Chunk  76 (24 lines)
  ✓ Chunk  77 (29 lines)
  ✓ Chunk  79 (23 lines)
  ✓ Chunk  78 (27 lines)
  ✓ Chunk  80 (25 lines)
  ✓ Chunk  83 (30 lines)
  ✓ Chunk  84 (22 lines)
  ✓ Chunk  81 (25 lines)
  ✓ Chunk  82 (28 lines)
  ✓ Chunk  85 (26 lines)
  ✓ Chunk  86 (21 lines)
  ✓ Chunk  87 (29 lines)
  ✓ Chunk  88 (27 lines)
  ✓ Chunk  89 (24 lines)
  ✓ Chunk  90 (22 lines)
  ✓ Chunk  93 (1 lines)
  ✓ Chunk  92 (26 lines)
  ✓ Chunk  91 (24 lines)
  ✓ Chunk 999999 (100 lines)

======================================================================
✓ EXTRACTION COMPLETE!
======================================================================

📄 Output: vtts\success-is-planned_transcript.txt
📊 Successful: 95
📊 Failed: 0
📊 Characters: 119,902
📊 Words: 9,252
📊 Lines: 2,395

======================================================================
Preview (first 500 characters):
======================================================================
lesson three of Tactical
agentic coding. What was
once a complete joke
is now the most
valuable skill any engineer
can have. The prompt
is everything. Why is
that? It's because it's
the medium in which
you communicate to your
you communicate to your
agentic tools and all
generative AI technology. At
the heart of everything
we're doing in TAC
is learning how to
properly communicate to our
agents to get the
work autonomously. Adopting your
agent's perspective is no
different than empathizing with


... (transcript continues)
======================================================================
