======================================================================
ULTRA-FAST VTT PROCESSOR
======================================================================

Reading: vtts/zte-secret-of-agentic-engineering.txt
✓ Found 105 VTT URLs

Downloading in parallel (max 10 concurrent)...
----------------------------------------------------------------------
  ✓ Chunk   3 (21 lines)
  ✓ Chunk   2 (23 lines)
  ✓ Chunk   1 (22 lines)
  ✓ Chunk   8 (23 lines)
  ✓ Chunk   0 (13 lines)
  ✓ Chunk   6 (26 lines)
  ✓ Chunk   4 (21 lines)
  ✓ Chunk   7 (25 lines)
  ✓ Chunk   5 (24 lines)
  ✓ Chunk   9 (30 lines)
  ✓ Chunk  10 (29 lines)
  ✓ Chunk  11 (26 lines)
  ✓ Chunk  13 (32 lines)
  ✓ Chunk  12 (26 lines)
  ✓ Chunk  15 (29 lines)
  ✓ Chunk  14 (20 lines)
  ✓ Chunk  18 (25 lines)
  ✓ Chunk  17 (21 lines)
  ✓ Chunk  16 (27 lines)
  ✓ Chunk  19 (26 lines)
  ✓ Chunk  21 (27 lines)
  ✓ Chunk  20 (29 lines)
  ✓ Chunk  25 (25 lines)
  ✓ Chunk  22 (22 lines)
  ✓ Chunk  23 (27 lines)
  ✓ Chunk  27 (30 lines)
  ✓ Chunk  24 (28 lines)
  ✓ Chunk  29 (23 lines)
  ✓ Chunk  26 (28 lines)
  ✓ Chunk  28 (27 lines)
  ✓ Chunk  30 (27 lines)
  ✓ Chunk  31 (26 lines)
  ✓ Chunk  32 (29 lines)
  ✓ Chunk  33 (28 lines)
  ✓ Chunk  34 (26 lines)
  ✓ Chunk  35 (27 lines)
  ✓ Chunk  36 (26 lines)
  ✓ Chunk  37 (28 lines)
  ✓ Chunk  38 (26 lines)
  ✓ Chunk  39 (26 lines)
  ✓ Chunk  40 (31 lines)
  ✓ Chunk  41 (28 lines)
  ✓ Chunk  42 (26 lines)
  ✓ Chunk  43 (27 lines)
  ✓ Chunk  44 (26 lines)
  ✓ Chunk  46 (30 lines)
  ✓ Chunk  45 (28 lines)
  ✓ Chunk  47 (28 lines)
  ✓ Chunk  49 (28 lines)
  ✓ Chunk  48 (27 lines)
  ✓ Chunk  50 (30 lines)
  ✓ Chunk  51 (31 lines)
  ✓ Chunk  52 (27 lines)
  ✓ Chunk  53 (26 lines)
  ✓ Chunk  54 (27 lines)
  ✓ Chunk  55 (28 lines)
  ✓ Chunk  58 (23 lines)
  ✓ Chunk  56 (23 lines)
  ✓ Chunk  57 (24 lines)
  ✓ Chunk  59 (28 lines)
  ✓ Chunk  60 (25 lines)
  ✓ Chunk  61 (26 lines)
  ✓ Chunk  62 (22 lines)
  ✓ Chunk  63 (21 lines)
  ✓ Chunk  64 (25 lines)
  ✓ Chunk  65 (27 lines)
  ✓ Chunk  68 (30 lines)
  ✓ Chunk  67 (26 lines)
  ✓ Chunk  66 (30 lines)
  ✓ Chunk  69 (23 lines)
  ✓ Chunk  70 (29 lines)
  ✓ Chunk  71 (29 lines)
  ✓ Chunk  72 (29 lines)
  ✓ Chunk  73 (29 lines)
  ✓ Chunk  74 (25 lines)
  ✓ Chunk  75 (29 lines)
  ✓ Chunk  76 (25 lines)
  ✓ Chunk  79 (28 lines)
  ✓ Chunk  77 (29 lines)
  ✓ Chunk  78 (30 lines)
  ✓ Chunk  81 (30 lines)
  ✓ Chunk  80 (30 lines)
  ✓ Chunk  82 (25 lines)
  ✓ Chunk  84 (23 lines)
  ✓ Chunk  83 (31 lines)
  ✓ Chunk  86 (25 lines)
  ✓ Chunk  88 (26 lines)
  ✓ Chunk  87 (24 lines)
  ✓ Chunk  85 (26 lines)
  ✓ Chunk  89 (31 lines)
  ✓ Chunk  90 (28 lines)
  ✓ Chunk  91 (28 lines)
  ✓ Chunk  92 (23 lines)
  ✓ Chunk  93 (23 lines)
  ✓ Chunk  94 (24 lines)
  ✓ Chunk  95 (26 lines)
  ✓ Chunk  97 (29 lines)
  ✓ Chunk  98 (22 lines)
  ✓ Chunk  96 (21 lines)
  ✓ Chunk  99 (26 lines)
  ✓ Chunk 100 (25 lines)
  ✓ Chunk 102 (26 lines)
  ✓ Chunk 101 (24 lines)
  ✓ Chunk 104 (25 lines)
  ✓ Chunk 103 (24 lines)

======================================================================
✓ EXTRACTION COMPLETE!
======================================================================

📄 Output: vtts\zte-secret-of-agentic-engineering_transcript.txt
📊 Successful: 105
📊 Failed: 0
📊 Characters: 60,818
📊 Words: 10,976
📊 Lines: 2,752

======================================================================
Preview (first 500 characters):
======================================================================
Welcome to lesson seven,
your second to last
Tactical Agentic Coding lesson.
Here we approach the
edge of agentic coding.
Here we ship end
to end with our
Outloop system to deliver
more engineering value than
we ever could before.
In the next hour,
you'll witness something most
engineers dismiss as impossible,
engineers dismiss as impossible,
a codebase that
nearly runs itself. This
lesson is going to
flow differently from the
rest. First, we're gonna
hand off five net
new pieces of work
to our 

... (transcript continues)
======================================================================
